******************************************************************************
            TI ARM Clang Linker PC v4.0.4                      
******************************************************************************
>> Linked Sat Oct 25 10:54:21 2025

OUTPUT FILE NAME:   <adc12_simultaneous_trigger_event_LP_MSPM0G3507_nortos_ticlang.out>
ENTRY POINT SYMBOL: "_c_int00_noargs"  address: 000019e9


MEMORY CONFIGURATION

         name            origin    length      used     unused   attr    fill
----------------------  --------  ---------  --------  --------  ----  --------
  FLASH                 00000000   00020000  00001e38  0001e1c8  R  X
  SRAM                  20200000   00008000  000002bd  00007d43  RW X
  BCR_CONFIG            41c00000   000000ff  00000000  000000ff  R   
  BSL_CONFIG            41c00100   00000080  00000000  00000080  R   


SEGMENT ALLOCATION MAP

run origin  load origin   length   init length attrs members
----------  ----------- ---------- ----------- ----- -------
00000000    00000000    00001b98   00001b98    r-x
  00000000    00000000    000000c0   000000c0    r-- .intvecs
  000000c0    000000c0    00001ad8   00001ad8    r-x .text
00001ba0    00001ba0    000002a0   000002a0    r--
  00001ba0    00001ba0    00000270   00000270    r-- .rodata
  00001e10    00001e10    00000030   00000030    r-- .cinit
20200000    20200000    000000bd   00000000    rw-
  20200000    20200000    000000a0   00000000    rw- .bss
  202000a0    202000a0    0000001d   00000000    rw- .data
20207e00    20207e00    00000200   00000000    rw-
  20207e00    20207e00    00000200   00000000    rw- .stack


SECTION ALLOCATION MAP

 output                                  attributes/
section   page    origin      length       input sections
--------  ----  ----------  ----------   ----------------
.intvecs   0    00000000    000000c0     
                  00000000    000000c0     startup_mspm0g350x_ticlang.o (.intvecs)

.text      0    000000c0    00001ad8     
                  000000c0    00000868     libc.a : _printfi.c.obj (.text:__TI_printfi_nofloat)
                  00000928    0000071c     adc12_simultaneous_trigger_event.o (.text.main)
                  00001044    000000fc     driverlib.a : dl_timer.o (.text.DL_Timer_initTimerMode)
                  00001140    000000a2     libclang_rt.builtins.a : udivmoddi4.S.obj (.text)
                  000011e2    0000009a     libc.a : memcpy16.S.obj (.text:memcpy)
                  0000127c    0000008c     libclang_rt.builtins.a : mulsf3.S.obj (.text.__mulsf3)
                  00001308    00000088     ti_msp_dl_config.o (.text.SYSCFG_DL_ADC12_0_init)
                  00001390    00000084     ti_msp_dl_config.o (.text.SYSCFG_DL_UART_0_init)
                  00001414    00000082     libclang_rt.builtins.a : divsf3.S.obj (.text.__divsf3)
                  00001496    00000002     startup_mspm0g350x_ticlang.o (.text.Default_Handler)
                  00001498    0000007c     libc.a : copy_decompress_lzss.c.obj (.text:decompress:lzss)
                  00001514    00000062            : memset16.S.obj (.text:memset)
                  00001576    00000002     libclang_rt.builtins.a : aeabi_div0.c.obj (.text.__aeabi_idiv0)
                  00001578    00000054     ti_msp_dl_config.o (.text.SYSCFG_DL_initPower)
                  000015cc    0000004c     driverlib.a : dl_dma.o (.text.DL_DMA_initChannel)
                  00001618    0000004c     libc.a : snprintf.c.obj (.text.snprintf)
                  00001664    00000048     driverlib.a : dl_uart.o (.text.DL_UART_init)
                  000016ac    00000040                 : dl_adc12.o (.text.DL_ADC12_setClockConfig)
                  000016ec    00000040     ti_msp_dl_config.o (.text.SYSCFG_DL_TIMER_0_init)
                  0000172c    00000040     libclang_rt.builtins.a : aeabi_uidivmod.S.obj (.text.__aeabi_uidivmod)
                  0000176c    00000040     libc.a : atoi.c.obj (.text.atoi)
                  000017ac    0000003c            : autoinit.c.obj (.text:__TI_auto_init_nobinit_nopinit)
                  000017e8    0000003a     libclang_rt.builtins.a : muldsi3.S.obj (.text.__muldsi3)
                  00001822    00000002                            : aeabi_div0.c.obj (.text.__aeabi_ldiv0)
                  00001824    00000038     adc12_simultaneous_trigger_event.o (.text.ADC1_IRQHandler)
                  0000185c    00000038     ti_msp_dl_config.o (.text.SYSCFG_DL_TIMER_1_init)
                  00001894    00000038     libclang_rt.builtins.a : fixsfsi.S.obj (.text.__fixsfsi)
                  000018cc    00000032                            : fixunssfsi.S.obj (.text.__fixunssfsi)
                  000018fe    00000002     --HOLE-- [fill = 0]
                  00001900    00000030     ti_msp_dl_config.o (.text.SYSCFG_DL_GPIO_init)
                  00001930    00000030     ti_msp_dl_config.o (.text.SYSCFG_DL_SYSCTL_init)
                  00001960    00000030     ti_msp_dl_config.o (.text.SYSCFG_DL_init)
                  00001990    00000030     libc.a : snprintf.c.obj (.text._outs)
                  000019c0    00000028     libclang_rt.builtins.a : floatunsisf.S.obj (.text.__floatunsisf)
                  000019e8    00000028     libc.a : boot_cortex_m.c.obj (.text:_c_int00_noargs)
                  00001a10    00000024     libclang_rt.builtins.a : muldi3.S.obj (.text.__muldi3)
                  00001a34    00000022     libc.a : memccpy.c.obj (.text.memccpy)
                  00001a56    00000002     --HOLE-- [fill = 0]
                  00001a58    00000020     adc12_simultaneous_trigger_event.o (.text.TIMG6_IRQHandler)
                  00001a78    0000001e     libclang_rt.builtins.a : ashldi3.S.obj (.text.__ashldi3)
                  00001a96    00000002     --HOLE-- [fill = 0]
                  00001a98    0000001c     driverlib.a : dl_timer.o (.text.DL_Timer_setClockConfig)
                  00001ab4    00000018     ti_msp_dl_config.o (.text.SYSCFG_DL_DMA_CH0_init)
                  00001acc    00000018     libc.a : snprintf.c.obj (.text._outc)
                  00001ae4    00000016            : copy_zero_init.c.obj (.text:decompress:ZI:__TI_zero_init_nomemset)
                  00001afa    00000002     --HOLE-- [fill = 0]
                  00001afc    00000014     libclang_rt.builtins.a : aeabi_uldivmod.S.obj (.text.__aeabi_uldivmod)
                  00001b10    00000012     driverlib.a : dl_uart.o (.text.DL_UART_setClockConfig)
                  00001b22    00000012     libc.a : copy_decompress_none.c.obj (.text:decompress:none)
                  00001b34    00000010            : wcslen.c.obj (.text.wcslen)
                  00001b44    0000000e     libclang_rt.builtins.a : aeabi_memset.S.obj (.text.__aeabi_memset)
                  00001b52    0000000e     libc.a : _printfi.c.obj (.text.strlen)
                  00001b60    0000000a     driverlib.a : dl_common.o (.text.DL_Common_delayCycles)
                  00001b6a    00000008     ti_msp_dl_config.o (.text.SYSCFG_DL_DMA_init)
                  00001b72    00000002     --HOLE-- [fill = 0]
                  00001b74    00000008     libc.a : aeabi_portable.c.obj (.text.__aeabi_errno_addr)
                  00001b7c    00000008     libclang_rt.builtins.a : aeabi_memcpy.S.obj (.text.__aeabi_memcpy)
                  00001b84    00000006     libc.a : exit.c.obj (.text:abort)
                  00001b8a    00000004     libsysbm.a : hostexit.c.obj (.text.HOSTexit)
                  00001b8e    00000004     startup_mspm0g350x_ticlang.o (.text.Reset_Handler)
                  00001b92    00000004     libc.a : pre_init.c.obj (.text._system_pre_init)
                  00001b96    00000002     --HOLE-- [fill = 0]

.cinit     0    00001e10    00000030     
                  00001e10    0000000c     (__TI_handler_table)
                  00001e1c    00000008     (.cinit..bss.load) [load image, compression = zero_init]
                  00001e24    00000008     (.cinit..data.load) [load image, compression = lzss]
                  00001e2c    00000010     (__TI_cinit_table)
                  00001e3c    00000004     --HOLE-- [fill = 0]

.rodata    0    00001ba0    00000270     
                  00001ba0    00000101     libc.a : aeabi_ctype.S.obj (.rodata:__aeabi_ctype_table_)
                  00001ca1    00000059     adc12_simultaneous_trigger_event.o (.rodata.str1.11050667773154277241.1)
                  00001cfa    0000004c     adc12_simultaneous_trigger_event.o (.rodata.str1.6199582520651646156.1)
                  00001d46    00000033     adc12_simultaneous_trigger_event.o (.rodata.str1.741510260828931795.1)
                  00001d79    00000003     ti_msp_dl_config.o (.rodata.gTIMER_0ClockConfig)
                  00001d7c    00000018     ti_msp_dl_config.o (.rodata.gDMA_CH0Config)
                  00001d94    00000014     ti_msp_dl_config.o (.rodata.gTIMER_0TimerConfig)
                  00001da8    00000014     ti_msp_dl_config.o (.rodata.gTIMER_1TimerConfig)
                  00001dbc    00000011     libc.a : _printfi.c.obj (.rodata.str1.10348868589481759720.1)
                  00001dcd    00000011            : _printfi.c.obj (.rodata.str1.15363888844622738466.1)
                  00001dde    00000002     ti_msp_dl_config.o (.rodata.gUART_0ClockConfig)
                  00001de0    0000000c     adc12_simultaneous_trigger_event.o (.rodata..Lswitch.table.main)
                  00001dec    0000000a     ti_msp_dl_config.o (.rodata.gUART_0Config)
                  00001df6    00000002     --HOLE-- [fill = 0]
                  00001df8    00000008     ti_msp_dl_config.o (.rodata.gADC12_0ClockConfig)
                  00001e00    00000003     ti_msp_dl_config.o (.rodata.gTIMER_1ClockConfig)
                  00001e03    0000000d     --HOLE-- [fill = 0]

.init_array 
*          0    00000000    00000000     UNINITIALIZED

.binit     0    00000000    00000000     

.bss       0    20200000    000000a0     UNINITIALIZED
                  20200000    000000a0     (.common:gTIMER_1Backup)

.data      0    202000a0    0000001d     UNINITIALIZED
                  202000a0    00000004     libc.a : aeabi_portable.c.obj (.data.__aeabi_errno)
                  202000a4    00000004     adc12_simultaneous_trigger_event.o (.data.g_led_off_time_ms)
                  202000a8    00000004     adc12_simultaneous_trigger_event.o (.data.g_ts_ms)
                  202000ac    00000004     adc12_simultaneous_trigger_event.o (.data.gps.0)
                  202000b0    00000004     adc12_simultaneous_trigger_event.o (.data.gps.1)
                  202000b4    00000004     adc12_simultaneous_trigger_event.o (.data.gps.2)
                  202000b8    00000002     adc12_simultaneous_trigger_event.o (.data.g_adcRaw)
                  202000ba    00000001     adc12_simultaneous_trigger_event.o (.data.g_burst_lock)
                  202000bb    00000001     adc12_simultaneous_trigger_event.o (.data.g_led_active)
                  202000bc    00000001     adc12_simultaneous_trigger_event.o (.data.g_new)

.stack     0    20207e00    00000200     UNINITIALIZED
                  20207e00    00000004     libc.a : boot_cortex_m.c.obj (.stack)
                  20207e04    000001fc     --HOLE--

__llvm_prf_cnts 
*          0    20200000    00000000     UNINITIALIZED

__llvm_prf_bits 
*          0    20200000    00000000     UNINITIALIZED

MODULE SUMMARY

       Module                               code   ro data   rw data
       ------                               ----   -------   -------
    .\
       adc12_simultaneous_trigger_event.o   1908   228       25     
       ti_msp_dl_config.o                   648    90        160    
       startup_mspm0g350x_ticlang.o         6      192       0      
    +--+------------------------------------+------+---------+---------+
       Total:                               2562   510       185    
                                                                    
    C:/ti/mspm0_sdk_2_07_00_05/source/ti/driverlib/lib/ticlang/m0p/mspm0g1x0x_g3x0x/driverlib.a
       dl_timer.o                           280    0         0      
       dl_uart.o                            90     0         0      
       dl_dma.o                             76     0         0      
       dl_adc12.o                           64     0         0      
       dl_common.o                          10     0         0      
    +--+------------------------------------+------+---------+---------+
       Total:                               520    0         0      
                                                                    
    C:\ti\ccs2031\ccs\tools\compiler\ti-cgt-armllvm_4.0.4.LTS\lib\armv6m-ti-none-eabi/c/libc.a
       _printfi.c.obj                       2166   34        0      
       aeabi_ctype.S.obj                    0      257       0      
       memcpy16.S.obj                       154    0         0      
       snprintf.c.obj                       148    0         0      
       copy_decompress_lzss.c.obj           124    0         0      
       memset16.S.obj                       98     0         0      
       atoi.c.obj                           64     0         0      
       autoinit.c.obj                       60     0         0      
       boot_cortex_m.c.obj                  40     0         0      
       memccpy.c.obj                        34     0         0      
       copy_zero_init.c.obj                 22     0         0      
       copy_decompress_none.c.obj           18     0         0      
       wcslen.c.obj                         16     0         0      
       aeabi_portable.c.obj                 8      0         4      
       exit.c.obj                           6      0         0      
       pre_init.c.obj                       4      0         0      
    +--+------------------------------------+------+---------+---------+
       Total:                               2962   291       4      
                                                                    
    C:\ti\ccs2031\ccs\tools\compiler\ti-cgt-armllvm_4.0.4.LTS\lib\armv6m-ti-none-eabi/c/libsysbm.a
       hostexit.c.obj                       4      0         0      
    +--+------------------------------------+------+---------+---------+
       Total:                               4      0         0      
                                                                    
    C:\ti\ccs2031\ccs\tools\compiler\ti-cgt-armllvm_4.0.4.LTS\lib\armv6m-ti-none-eabi/libclang_rt.builtins.a
       udivmoddi4.S.obj                     162    0         0      
       mulsf3.S.obj                         140    0         0      
       divsf3.S.obj                         130    0         0      
       aeabi_uidivmod.S.obj                 64     0         0      
       muldsi3.S.obj                        58     0         0      
       fixsfsi.S.obj                        56     0         0      
       fixunssfsi.S.obj                     50     0         0      
       floatunsisf.S.obj                    40     0         0      
       muldi3.S.obj                         36     0         0      
       ashldi3.S.obj                        30     0         0      
       aeabi_uldivmod.S.obj                 20     0         0      
       aeabi_memset.S.obj                   14     0         0      
       aeabi_memcpy.S.obj                   8      0         0      
       aeabi_div0.c.obj                     4      0         0      
    +--+------------------------------------+------+---------+---------+
       Total:                               812    0         0      
                                                                    
       Stack:                               0      0         512    
       Linker Generated:                    0      44        0      
    +--+------------------------------------+------+---------+---------+
       Grand Total:                         6860   845       701    


LINKER GENERATED COPY TABLES

__TI_cinit_table @ 00001e2c records: 2, size/record: 8, table size: 16
	.bss: load addr=00001e1c, load size=00000008 bytes, run addr=20200000, run size=000000a0 bytes, compression=zero_init
	.data: load addr=00001e24, load size=00000008 bytes, run addr=202000a0, run size=0000001d bytes, compression=lzss


LINKER GENERATED HANDLER TABLE

__TI_handler_table @ 00001e10 records: 3, size/record: 4, table size: 12
	index: 0, handler: __TI_decompress_lzss
	index: 1, handler: __TI_decompress_none
	index: 2, handler: __TI_zero_init


GLOBAL SYMBOLS: SORTED ALPHABETICALLY BY Name 

address   name                          
-------   ----                          
00001497  ADC0_IRQHandler               
00001825  ADC1_IRQHandler               
00001497  AES_IRQHandler                
00001b8a  C$$EXIT                       
00001497  CANFD0_IRQHandler             
00001497  DAC0_IRQHandler               
000016ad  DL_ADC12_setClockConfig       
00001b61  DL_Common_delayCycles         
000015cd  DL_DMA_initChannel            
00001045  DL_Timer_initTimerMode        
00001a99  DL_Timer_setClockConfig       
00001665  DL_UART_init                  
00001b11  DL_UART_setClockConfig        
00001497  DMA_IRQHandler                
00001497  Default_Handler               
00001497  GROUP0_IRQHandler             
00001497  GROUP1_IRQHandler             
00001b8b  HOSTexit                      
00001497  HardFault_Handler             
00001497  I2C0_IRQHandler               
00001497  I2C1_IRQHandler               
00001497  NMI_Handler                   
00001497  PendSV_Handler                
00001497  RTC_IRQHandler                
00001b8f  Reset_Handler                 
00001497  SPI0_IRQHandler               
00001497  SPI1_IRQHandler               
00001497  SVC_Handler                   
00001309  SYSCFG_DL_ADC12_0_init        
00001ab5  SYSCFG_DL_DMA_CH0_init        
00001b6b  SYSCFG_DL_DMA_init            
00001901  SYSCFG_DL_GPIO_init           
00001931  SYSCFG_DL_SYSCTL_init         
000016ed  SYSCFG_DL_TIMER_0_init        
0000185d  SYSCFG_DL_TIMER_1_init        
00001391  SYSCFG_DL_UART_0_init         
00001961  SYSCFG_DL_init                
00001579  SYSCFG_DL_initPower           
00001497  SysTick_Handler               
00001497  TIMA0_IRQHandler              
00001497  TIMA1_IRQHandler              
00001497  TIMG0_IRQHandler              
00001497  TIMG12_IRQHandler             
00001a59  TIMG6_IRQHandler              
00001497  TIMG7_IRQHandler              
00001497  TIMG8_IRQHandler              
00001497  UART0_IRQHandler              
00001497  UART1_IRQHandler              
00001497  UART2_IRQHandler              
00001497  UART3_IRQHandler              
20208000  __STACK_END                   
00000200  __STACK_SIZE                  
00000000  __TI_ATRegion0_region_sz      
00000000  __TI_ATRegion0_src_addr       
00000000  __TI_ATRegion0_trg_addr       
00000000  __TI_ATRegion1_region_sz      
00000000  __TI_ATRegion1_src_addr       
00000000  __TI_ATRegion1_trg_addr       
00000000  __TI_ATRegion2_region_sz      
00000000  __TI_ATRegion2_src_addr       
00000000  __TI_ATRegion2_trg_addr       
00001e2c  __TI_CINIT_Base               
00001e3c  __TI_CINIT_Limit              
00001e3c  __TI_CINIT_Warm               
00001e10  __TI_Handler_Table_Base       
00001e1c  __TI_Handler_Table_Limit      
000017ad  __TI_auto_init_nobinit_nopinit
00001499  __TI_decompress_lzss          
00001b23  __TI_decompress_none          
ffffffff  __TI_pprof_out_hndl           
000000c1  __TI_printfi_nofloat          
ffffffff  __TI_prof_data_size           
ffffffff  __TI_prof_data_start          
00000000  __TI_static_base__            
00001ae5  __TI_zero_init_nomemset       
00001ba0  __aeabi_ctype_table_          
00001ba0  __aeabi_ctype_table_C         
202000a0  __aeabi_errno                 
00001b75  __aeabi_errno_addr            
00001895  __aeabi_f2iz                  
000018cd  __aeabi_f2uiz                 
00001415  __aeabi_fdiv                  
0000127d  __aeabi_fmul                  
00001577  __aeabi_idiv0                 
00001823  __aeabi_ldiv0                 
00001a79  __aeabi_llsl                  
00001a11  __aeabi_lmul                  
00001b7d  __aeabi_memcpy                
00001b7d  __aeabi_memcpy4               
00001b7d  __aeabi_memcpy8               
00001b45  __aeabi_memset                
00001b45  __aeabi_memset4               
00001b45  __aeabi_memset8               
000019c1  __aeabi_ui2f                  
0000172d  __aeabi_uidiv                 
0000172d  __aeabi_uidivmod              
00001afd  __aeabi_uldivmod              
00001a79  __ashldi3                     
ffffffff  __binit__                     
00001415  __divsf3                      
00001895  __fixsfsi                     
000018cd  __fixunssfsi                  
000019c1  __floatunsisf                 
UNDEFED   __mpu_init                    
00001a11  __muldi3                      
000017e9  __muldsi3                     
0000127d  __mulsf3                      
20207e00  __stack                       
20200000  __start___llvm_prf_bits       
20200000  __start___llvm_prf_cnts       
20200000  __stop___llvm_prf_bits        
20200000  __stop___llvm_prf_cnts        
00001141  __udivmoddi4                  
000019e9  _c_int00_noargs               
UNDEFED   _system_post_cinit            
00001b93  _system_pre_init              
00001b85  abort                         
0000176d  atoi                          
ffffffff  binit                         
20200000  gTIMER_1Backup                
202000b8  g_adcRaw                      
202000bc  g_new                         
202000a8  g_ts_ms                       
00000000  interruptVectors              
00000929  main                          
00001a35  memccpy                       
000011e3  memcpy                        
00001515  memset                        
00001619  snprintf                      
00001b35  wcslen                        


GLOBAL SYMBOLS: SORTED BY Symbol Address 

address   name                          
-------   ----                          
00000000  __TI_ATRegion0_region_sz      
00000000  __TI_ATRegion0_src_addr       
00000000  __TI_ATRegion0_trg_addr       
00000000  __TI_ATRegion1_region_sz      
00000000  __TI_ATRegion1_src_addr       
00000000  __TI_ATRegion1_trg_addr       
00000000  __TI_ATRegion2_region_sz      
00000000  __TI_ATRegion2_src_addr       
00000000  __TI_ATRegion2_trg_addr       
00000000  __TI_static_base__            
00000000  interruptVectors              
000000c1  __TI_printfi_nofloat          
00000200  __STACK_SIZE                  
00000929  main                          
00001045  DL_Timer_initTimerMode        
00001141  __udivmoddi4                  
000011e3  memcpy                        
0000127d  __aeabi_fmul                  
0000127d  __mulsf3                      
00001309  SYSCFG_DL_ADC12_0_init        
00001391  SYSCFG_DL_UART_0_init         
00001415  __aeabi_fdiv                  
00001415  __divsf3                      
00001497  ADC0_IRQHandler               
00001497  AES_IRQHandler                
00001497  CANFD0_IRQHandler             
00001497  DAC0_IRQHandler               
00001497  DMA_IRQHandler                
00001497  Default_Handler               
00001497  GROUP0_IRQHandler             
00001497  GROUP1_IRQHandler             
00001497  HardFault_Handler             
00001497  I2C0_IRQHandler               
00001497  I2C1_IRQHandler               
00001497  NMI_Handler                   
00001497  PendSV_Handler                
00001497  RTC_IRQHandler                
00001497  SPI0_IRQHandler               
00001497  SPI1_IRQHandler               
00001497  SVC_Handler                   
00001497  SysTick_Handler               
00001497  TIMA0_IRQHandler              
00001497  TIMA1_IRQHandler              
00001497  TIMG0_IRQHandler              
00001497  TIMG12_IRQHandler             
00001497  TIMG7_IRQHandler              
00001497  TIMG8_IRQHandler              
00001497  UART0_IRQHandler              
00001497  UART1_IRQHandler              
00001497  UART2_IRQHandler              
00001497  UART3_IRQHandler              
00001499  __TI_decompress_lzss          
00001515  memset                        
00001577  __aeabi_idiv0                 
00001579  SYSCFG_DL_initPower           
000015cd  DL_DMA_initChannel            
00001619  snprintf                      
00001665  DL_UART_init                  
000016ad  DL_ADC12_setClockConfig       
000016ed  SYSCFG_DL_TIMER_0_init        
0000172d  __aeabi_uidiv                 
0000172d  __aeabi_uidivmod              
0000176d  atoi                          
000017ad  __TI_auto_init_nobinit_nopinit
000017e9  __muldsi3                     
00001823  __aeabi_ldiv0                 
00001825  ADC1_IRQHandler               
0000185d  SYSCFG_DL_TIMER_1_init        
00001895  __aeabi_f2iz                  
00001895  __fixsfsi                     
000018cd  __aeabi_f2uiz                 
000018cd  __fixunssfsi                  
00001901  SYSCFG_DL_GPIO_init           
00001931  SYSCFG_DL_SYSCTL_init         
00001961  SYSCFG_DL_init                
000019c1  __aeabi_ui2f                  
000019c1  __floatunsisf                 
000019e9  _c_int00_noargs               
00001a11  __aeabi_lmul                  
00001a11  __muldi3                      
00001a35  memccpy                       
00001a59  TIMG6_IRQHandler              
00001a79  __aeabi_llsl                  
00001a79  __ashldi3                     
00001a99  DL_Timer_setClockConfig       
00001ab5  SYSCFG_DL_DMA_CH0_init        
00001ae5  __TI_zero_init_nomemset       
00001afd  __aeabi_uldivmod              
00001b11  DL_UART_setClockConfig        
00001b23  __TI_decompress_none          
00001b35  wcslen                        
00001b45  __aeabi_memset                
00001b45  __aeabi_memset4               
00001b45  __aeabi_memset8               
00001b61  DL_Common_delayCycles         
00001b6b  SYSCFG_DL_DMA_init            
00001b75  __aeabi_errno_addr            
00001b7d  __aeabi_memcpy                
00001b7d  __aeabi_memcpy4               
00001b7d  __aeabi_memcpy8               
00001b85  abort                         
00001b8a  C$$EXIT                       
00001b8b  HOSTexit                      
00001b8f  Reset_Handler                 
00001b93  _system_pre_init              
00001ba0  __aeabi_ctype_table_          
00001ba0  __aeabi_ctype_table_C         
00001e10  __TI_Handler_Table_Base       
00001e1c  __TI_Handler_Table_Limit      
00001e2c  __TI_CINIT_Base               
00001e3c  __TI_CINIT_Limit              
00001e3c  __TI_CINIT_Warm               
20200000  __start___llvm_prf_bits       
20200000  __start___llvm_prf_cnts       
20200000  __stop___llvm_prf_bits        
20200000  __stop___llvm_prf_cnts        
20200000  gTIMER_1Backup                
202000a0  __aeabi_errno                 
202000a8  g_ts_ms                       
202000b8  g_adcRaw                      
202000bc  g_new                         
20207e00  __stack                       
20208000  __STACK_END                   
ffffffff  __TI_pprof_out_hndl           
ffffffff  __TI_prof_data_size           
ffffffff  __TI_prof_data_start          
ffffffff  __binit__                     
ffffffff  binit                         
UNDEFED   __mpu_init                    
UNDEFED   _system_post_cinit            

[130 symbols]
